Mplus VERSION 8.6 (Mac)
MUTHEN & MUTHEN
01/25/2022   1:01 PM

INPUT INSTRUCTIONS

  TITLE:
  Class 3 1_optseed_m_v1
  DATA:
  FILE = "/Users/atanas/git/PR_quant_LPA/mplus/1_optseed_m/full_1_optseed_m.dat";

  VARIABLE:
  NAMES = ID pb tb bhs ac;
   MISSING=.;
   USEVARIABLES = pb tb bhs ac;
  IDVARIABLE = ID;
  CLASSES = c(3);
  ANALYSIS:
  ESTIMATOR = MLR;
             ALGORITHM = INTEGRATION;
             TYPE = MIXTURE;
             STARTS = 20 4;
             ! OPTSEED = 391179;
             ! Dual-Core with hyperthreading = 4 processors
             PROCESSORS = 4;
             ! K-1STARTS = 20 4; ! used with TECH11 output
             ! LRTSTARTS = 20 4 40 8; ! used with TECH14 output
  OUTPUT:
  TECH1 TECH8;
             ! TECH11 TECH14;
            STANDARDIZED; ! this saves standardised scores for plotting
  SAVEDATA:
  FILE = /Users/atanas/git/PR_quant_LPA/mplus/1_optseed_m/c3_1_optseed_m_v1.dat;
  SAVE = CPROB;
              FORMAT = FREE;
  PLOT:
  TYPE = PLOT3;



*** WARNING in MODEL command
  All variables are uncorrelated with all other variables within class.
  Check that this is what is intended.
*** WARNING
  Data set contains cases with missing on all variables.
  These cases were not included in the analysis.
  Number of cases with missing on all variables:  5
   2 WARNING(S) FOUND IN THE INPUT INSTRUCTIONS




Class 3 1_optseed_m_v1

SUMMARY OF ANALYSIS

Number of groups                                                 1
Number of observations                                         747

Number of dependent variables                                    4
Number of independent variables                                  0
Number of continuous latent variables                            0
Number of categorical latent variables                           1

Observed dependent variables

  Continuous
   PB          TB          BHS         AC

Categorical latent variables
   C

Variables with special functions

  ID variable           ID

Estimator                                                      MLR
Information matrix                                        OBSERVED
Optimization Specifications for the Quasi-Newton Algorithm for
Continuous Outcomes
  Maximum number of iterations                                 100
  Convergence criterion                                  0.100D-05
Optimization Specifications for the EM Algorithm
  Maximum number of iterations                                 500
  Convergence criteria
    Loglikelihood change                                 0.100D-02
    Relative loglikelihood change                        0.100D-05
    Derivative                                           0.100D-02
Optimization Specifications for the M step of the EM Algorithm for
Categorical Latent variables
  Number of M step iterations                                    1
  M step convergence criterion                           0.100D-02
  Basis for M step termination                           ITERATION
Optimization Specifications for the M step of the EM Algorithm for
Censored, Binary or Ordered Categorical (Ordinal), Unordered
Categorical (Nominal) and Count Outcomes
  Number of M step iterations                                    1
  M step convergence criterion                           0.100D-02
  Basis for M step termination                           ITERATION
  Maximum value for logit thresholds                            15
  Minimum value for logit thresholds                           -15
  Minimum expected cell size for chi-square              0.100D-01
Maximum number of iterations for H1                           2000
Convergence criterion for H1                             0.100D-03
Optimization algorithm                                         EMA
Integration Specifications
  Type                                                    STANDARD
  Number of integration points                                  15
  Dimensions of numerical integration                            0
  Adaptive quadrature                                           ON
Random Starts Specifications
  Number of initial stage random starts                         20
  Number of final stage optimizations                            4
  Number of initial stage iterations                            10
  Initial stage convergence criterion                    0.100D+01
  Random starts scale                                    0.500D+01
  Random seed for generating random starts                       0
Cholesky                                                       OFF

Input data file(s)
  /Users/atanas/git/PR_quant_LPA/mplus/1_optseed_m/full_1_optseed_m.dat
Input data format  FREE


SUMMARY OF DATA

     Number of missing data patterns             9
     Number of y missing data patterns           9
     Number of u missing data patterns           0


COVARIANCE COVERAGE OF DATA

Minimum covariance coverage value   0.100


     PROPORTION OF DATA PRESENT FOR Y


           Covariance Coverage
              PB            TB            BHS           AC
              ________      ________      ________      ________
 PB             0.969
 TB             0.964         0.964
 BHS            0.929         0.925         0.959
 AC             0.902         0.898         0.878         0.905



UNIVARIATE SAMPLE STATISTICS


     UNIVARIATE HIGHER-ORDER MOMENT DESCRIPTIVE STATISTICS

         Variable/         Mean/     Skewness/   Minimum/ % with                Percentiles
        Sample Size      Variance    Kurtosis    Maximum  Min/Max      20%/60%    40%/80%    Median

     PB                   25.541      -0.240       6.000    1.66%      16.000     24.000     26.000
             724.000      85.260      -0.796      42.000    2.90%      29.000     34.000
     TB                   39.288      -0.399       9.000    0.14%      32.000     38.000     40.000
             720.000      85.539       0.181      61.000    0.28%      42.000     47.000
     BHS                  12.756      -0.338       0.000    0.42%       9.000     11.000     13.000
             716.000      22.271      -0.632      20.000    6.84%      14.120     17.000
     AC                   17.146      -0.380       0.000    0.74%      12.000     16.000     17.000
             676.000      43.051      -0.382      28.000    5.47%      19.000     23.000

RANDOM STARTS RESULTS RANKED FROM THE BEST TO THE WORST LOGLIKELIHOOD VALUES

Final stage loglikelihood values at local maxima, seeds, and initial stage start numbers:

           -9317.300  195873           6
           -9317.302  399671           13
           -9317.302  253358           2
           -9317.308  76974            16



THE BEST LOGLIKELIHOOD VALUE HAS BEEN REPLICATED.  RERUN WITH AT LEAST TWICE THE
RANDOM STARTS TO CHECK THAT THE BEST LOGLIKELIHOOD IS STILL OBTAINED AND REPLICATED.


THE MODEL ESTIMATION TERMINATED NORMALLY



MODEL FIT INFORMATION

Number of Free Parameters                       18

Loglikelihood

          H0 Value                       -9317.300
          H0 Scaling Correction Factor      1.1027
            for MLR

Information Criteria

          Akaike (AIC)                   18670.600
          Bayesian (BIC)                 18753.689
          Sample-Size Adjusted BIC       18696.532
            (n* = (n + 2) / 24)



FINAL CLASS COUNTS AND PROPORTIONS FOR THE LATENT CLASSES
BASED ON THE ESTIMATED MODEL

    Latent
   Classes

       1        108.10075          0.14471
       2        314.98859          0.42167
       3        323.91066          0.43362


FINAL CLASS COUNTS AND PROPORTIONS FOR THE LATENT CLASSES
BASED ON ESTIMATED POSTERIOR PROBABILITIES

    Latent
   Classes

       1        108.10075          0.14471
       2        314.98859          0.42167
       3        323.91066          0.43362


FINAL CLASS COUNTS AND PROPORTIONS FOR THE LATENT CLASSES
BASED ON THEIR MOST LIKELY LATENT CLASS MEMBERSHIP

Class Counts and Proportions

    Latent
   Classes

       1               98          0.13119
       2              312          0.41767
       3              337          0.45114


CLASSIFICATION QUALITY

     Entropy                         0.717


Average Latent Class Probabilities for Most Likely Latent Class Membership (Row)
by Latent Class (Column)

           1        2        3

    1   0.909    0.000    0.091
    2   0.000    0.889    0.111
    3   0.056    0.112    0.832


Classification Probabilities for the Most Likely Latent Class Membership (Column)
by Latent Class (Row)

           1        2        3

    1   0.824    0.000    0.175
    2   0.000    0.880    0.120
    3   0.027    0.107    0.866


Logits for the Classification Probabilities for the Most Likely Latent Class Membership (Column)
by Latent Class (Row)

              1        2        3

    1      1.547   -6.128    0.000
    2     -8.437    1.996    0.000
    3     -3.451   -2.091    0.000


MODEL RESULTS

                                                    Two-Tailed
                    Estimate       S.E.  Est./S.E.    P-Value

Latent Class 1

 Means
    PB                13.428      0.625     21.501      0.000
    TB                27.411      1.159     23.658      0.000
    BHS                5.852      0.554     10.556      0.000
    AC                12.327      0.845     14.581      0.000

 Variances
    PB                50.258      4.345     11.568      0.000
    TB                53.426      3.396     15.733      0.000
    BHS                7.091      1.306      5.428      0.000
    AC                37.250      2.018     18.457      0.000

Latent Class 2

 Means
    PB                31.109      0.645     48.219      0.000
    TB                44.467      0.561     79.302      0.000
    BHS               16.845      0.269     62.593      0.000
    AC                19.507      0.432     45.161      0.000

 Variances
    PB                50.258      4.345     11.568      0.000
    TB                53.426      3.396     15.733      0.000
    BHS                7.091      1.306      5.428      0.000
    AC                37.250      2.018     18.457      0.000

Latent Class 3

 Means
    PB                24.178      0.709     34.106      0.000
    TB                38.231      0.530     72.190      0.000
    BHS               11.137      0.346     32.142      0.000
    AC                16.390      0.436     37.559      0.000

 Variances
    PB                50.258      4.345     11.568      0.000
    TB                53.426      3.396     15.733      0.000
    BHS                7.091      1.306      5.428      0.000
    AC                37.250      2.018     18.457      0.000

Categorical Latent Variables

 Means
    C#1               -1.097      0.173     -6.353      0.000
    C#2               -0.028      0.131     -0.213      0.831


QUALITY OF NUMERICAL RESULTS

     Condition Number for the Information Matrix              0.550E-02
       (ratio of smallest to largest eigenvalue)


STANDARDIZED MODEL RESULTS


STDYX Standardization

                                                    Two-Tailed
                    Estimate       S.E.  Est./S.E.    P-Value

Latent Class 1

 Means
    PB                 1.894      0.104     18.158      0.000
    TB                 3.750      0.180     20.853      0.000
    BHS                2.197      0.183     11.979      0.000
    AC                 2.020      0.144     14.064      0.000

 Variances
    PB                 1.000      0.000    999.000    999.000
    TB                 1.000      0.000    999.000    999.000
    BHS                1.000      0.000    999.000    999.000
    AC                 1.000      0.000    999.000    999.000

Latent Class 2

 Means
    PB                 4.388      0.258     17.028      0.000
    TB                 6.084      0.227     26.804      0.000
    BHS                6.326      0.657      9.631      0.000
    AC                 3.196      0.130     24.573      0.000

 Variances
    PB                 1.000      0.000    999.000    999.000
    TB                 1.000      0.000    999.000    999.000
    BHS                1.000      0.000    999.000    999.000
    AC                 1.000      0.000    999.000    999.000

Latent Class 3

 Means
    PB                 3.411      0.178     19.170      0.000
    TB                 5.230      0.192     27.287      0.000
    BHS                4.182      0.335     12.481      0.000
    AC                 2.685      0.105     25.458      0.000

 Variances
    PB                 1.000      0.000    999.000    999.000
    TB                 1.000      0.000    999.000    999.000
    BHS                1.000      0.000    999.000    999.000
    AC                 1.000      0.000    999.000    999.000


STDY Standardization

                                                    Two-Tailed
                    Estimate       S.E.  Est./S.E.    P-Value

Latent Class 1

 Means
    PB                 1.894      0.104     18.158      0.000
    TB                 3.750      0.180     20.853      0.000
    BHS                2.197      0.183     11.979      0.000
    AC                 2.020      0.144     14.064      0.000

 Variances
    PB                 1.000      0.000    999.000    999.000
    TB                 1.000      0.000    999.000    999.000
    BHS                1.000      0.000    999.000    999.000
    AC                 1.000      0.000    999.000    999.000

Latent Class 2

 Means
    PB                 4.388      0.258     17.028      0.000
    TB                 6.084      0.227     26.804      0.000
    BHS                6.326      0.657      9.631      0.000
    AC                 3.196      0.130     24.573      0.000

 Variances
    PB                 1.000      0.000    999.000    999.000
    TB                 1.000      0.000    999.000    999.000
    BHS                1.000      0.000    999.000    999.000
    AC                 1.000      0.000    999.000    999.000

Latent Class 3

 Means
    PB                 3.411      0.178     19.170      0.000
    TB                 5.230      0.192     27.287      0.000
    BHS                4.182      0.335     12.481      0.000
    AC                 2.685      0.105     25.458      0.000

 Variances
    PB                 1.000      0.000    999.000    999.000
    TB                 1.000      0.000    999.000    999.000
    BHS                1.000      0.000    999.000    999.000
    AC                 1.000      0.000    999.000    999.000


STD Standardization

                                                    Two-Tailed
                    Estimate       S.E.  Est./S.E.    P-Value

Latent Class 1

 Means
    PB                13.428      0.625     21.501      0.000
    TB                27.411      1.159     23.658      0.000
    BHS                5.852      0.554     10.556      0.000
    AC                12.327      0.845     14.581      0.000

 Variances
    PB                50.258      4.345     11.568      0.000
    TB                53.426      3.396     15.733      0.000
    BHS                7.091      1.306      5.428      0.000
    AC                37.250      2.018     18.457      0.000

Latent Class 2

 Means
    PB                31.109      0.645     48.219      0.000
    TB                44.467      0.561     79.302      0.000
    BHS               16.845      0.269     62.593      0.000
    AC                19.507      0.432     45.161      0.000

 Variances
    PB                50.258      4.345     11.568      0.000
    TB                53.426      3.396     15.733      0.000
    BHS                7.091      1.306      5.428      0.000
    AC                37.250      2.018     18.457      0.000

Latent Class 3

 Means
    PB                24.178      0.709     34.106      0.000
    TB                38.231      0.530     72.190      0.000
    BHS               11.137      0.346     32.142      0.000
    AC                16.390      0.436     37.559      0.000

 Variances
    PB                50.258      4.345     11.568      0.000
    TB                53.426      3.396     15.733      0.000
    BHS                7.091      1.306      5.428      0.000
    AC                37.250      2.018     18.457      0.000


TECHNICAL 1 OUTPUT


     PARAMETER SPECIFICATION FOR LATENT CLASS 1


           NU
              PB            TB            BHS           AC
              ________      ________      ________      ________
                    1             2             3             4


           THETA
              PB            TB            BHS           AC
              ________      ________      ________      ________
 PB                 5
 TB                 0             6
 BHS                0             0             7
 AC                 0             0             0             8


     PARAMETER SPECIFICATION FOR LATENT CLASS 2


           NU
              PB            TB            BHS           AC
              ________      ________      ________      ________
                    9            10            11            12


           THETA
              PB            TB            BHS           AC
              ________      ________      ________      ________
 PB                 5
 TB                 0             6
 BHS                0             0             7
 AC                 0             0             0             8


     PARAMETER SPECIFICATION FOR LATENT CLASS 3


           NU
              PB            TB            BHS           AC
              ________      ________      ________      ________
                   13            14            15            16


           THETA
              PB            TB            BHS           AC
              ________      ________      ________      ________
 PB                 5
 TB                 0             6
 BHS                0             0             7
 AC                 0             0             0             8


     PARAMETER SPECIFICATION FOR LATENT CLASS REGRESSION MODEL PART


           ALPHA(C)
              C#1           C#2           C#3
              ________      ________      ________
                   17            18             0


     STARTING VALUES FOR LATENT CLASS 1


           NU
              PB            TB            BHS           AC
              ________      ________      ________      ________
               16.307        30.039         8.037        10.585


           THETA
              PB            TB            BHS           AC
              ________      ________      ________      ________
 PB            42.630
 TB             0.000        42.769
 BHS            0.000         0.000        11.136
 AC             0.000         0.000         0.000        21.526


     STARTING VALUES FOR LATENT CLASS 2


           NU
              PB            TB            BHS           AC
              ________      ________      ________      ________
               25.541        39.288        12.756        17.146


           THETA
              PB            TB            BHS           AC
              ________      ________      ________      ________
 PB            42.630
 TB             0.000        42.769
 BHS            0.000         0.000        11.136
 AC             0.000         0.000         0.000        21.526


     STARTING VALUES FOR LATENT CLASS 3


           NU
              PB            TB            BHS           AC
              ________      ________      ________      ________
               34.775        48.536        17.476        23.708


           THETA
              PB            TB            BHS           AC
              ________      ________      ________      ________
 PB            42.630
 TB             0.000        42.769
 BHS            0.000         0.000        11.136
 AC             0.000         0.000         0.000        21.526


     STARTING VALUES FOR LATENT CLASS REGRESSION MODEL PART


           ALPHA(C)
              C#1           C#2           C#3
              ________      ________      ________
                0.000         0.000         0.000


TECHNICAL 8 OUTPUT


  INITIAL STAGE ITERATIONS


  TECHNICAL 8 OUTPUT FOR UNPERTURBED STARTING VALUE SET


   E STEP  ITER  LOGLIKELIHOOD    ABS CHANGE   REL CHANGE  ALGORITHM
              1 -0.94742087D+04    0.0000000    0.0000000  EM
              2 -0.93447573D+04  129.4514540    0.0136636  EM
              3 -0.93326049D+04   12.1523907    0.0013005  EM
              4 -0.93296354D+04    2.9694778    0.0003182  EM
              5 -0.93283004D+04    1.3349913    0.0001431  EM
              6 -0.93274254D+04    0.8750547    0.0000938  EM


  TECHNICAL 8 OUTPUT FOR STARTING VALUE SET 1


   E STEP  ITER  LOGLIKELIHOOD    ABS CHANGE   REL CHANGE  ALGORITHM
              1 -0.15007981D+05    0.0000000    0.0000000  EM
              2 -0.94396242D+04 5568.3569105    0.3710264  EM
              3 -0.93599443D+04   79.6798249    0.0084410  EM
              4 -0.93433803D+04   16.5640594    0.0017697  EM
              5 -0.93400072D+04    3.3730958    0.0003610  EM
              6 -0.93384585D+04    1.5486907    0.0001658  EM
              7 -0.93373050D+04    1.1534932    0.0001235  EM
              8 -0.93363089D+04    0.9961015    0.0001067  EM


  TECHNICAL 8 OUTPUT FOR STARTING VALUE SET 2


   E STEP  ITER  LOGLIKELIHOOD    ABS CHANGE   REL CHANGE  ALGORITHM
              1 -0.19174991D+05    0.0000000    0.0000000  EM
              2 -0.94455945D+04 9729.3964989    0.5074003  EM
              3 -0.94010567D+04   44.5377616    0.0047152  EM
              4 -0.93664286D+04   34.6280846    0.0036834  EM
              5 -0.93429746D+04   23.4540103    0.0025041  EM
              6 -0.93312506D+04   11.7239648    0.0012548  EM
              7 -0.93259025D+04    5.3481919    0.0005731  EM
              8 -0.93234937D+04    2.4087629    0.0002583  EM
              9 -0.93220581D+04    1.4355889    0.0001540  EM
             10 -0.93210169D+04    1.0412315    0.0001117  EM


  TECHNICAL 8 OUTPUT FOR STARTING VALUE SET 3


   E STEP  ITER  LOGLIKELIHOOD    ABS CHANGE   REL CHANGE  ALGORITHM
              1 -0.14219228D+05    0.0000000    0.0000000  EM
              2 -0.94261705D+04 4793.0572092    0.3370828  EM
              3 -0.93886710D+04   37.4994644    0.0039782  EM
              4 -0.93706612D+04   18.0097910    0.0019182  EM
              5 -0.93578774D+04   12.7838718    0.0013642  EM
              6 -0.93485550D+04    9.3223223    0.0009962  EM
              7 -0.93417650D+04    6.7900007    0.0007263  EM
              8 -0.93367366D+04    5.0284811    0.0005383  EM
              9 -0.93329717D+04    3.7648525    0.0004032  EM
             10 -0.93301235D+04    2.8481777    0.0003052  EM


  TECHNICAL 8 OUTPUT FOR STARTING VALUE SET 4


   E STEP  ITER  LOGLIKELIHOOD    ABS CHANGE   REL CHANGE  ALGORITHM
              1 -0.14839625D+05    0.0000000    0.0000000  EM
              2 -0.95853446D+04 5254.2802842    0.3540710  EM
              3 -0.95107253D+04   74.6192340    0.0077847  EM
              4 -0.94360917D+04   74.6336254    0.0078473  EM
              5 -0.93819221D+04   54.1696139    0.0057407  EM
              6 -0.93542113D+04   27.7108084    0.0029536  EM
              7 -0.93437123D+04   10.4989325    0.0011224  EM
              8 -0.93392082D+04    4.5041255    0.0004820  EM
              9 -0.93367308D+04    2.4774595    0.0002653  EM
             10 -0.93350799D+04    1.6508069    0.0001768  EM


  TECHNICAL 8 OUTPUT FOR STARTING VALUE SET 5


   E STEP  ITER  LOGLIKELIHOOD    ABS CHANGE   REL CHANGE  ALGORITHM
              1 -0.12377512D+05    0.0000000    0.0000000  EM
              2 -0.96090555D+04 2768.4568636    0.2236683  EM
              3 -0.95340415D+04   75.0140003    0.0078066  EM
              4 -0.94279322D+04  106.1093197    0.0111295  EM
              5 -0.93748622D+04   53.0699583    0.0056290  EM
              6 -0.93539588D+04   20.9034092    0.0022297  EM
              7 -0.93439009D+04   10.0579105    0.0010753  EM
              8 -0.93384353D+04    5.4656270    0.0005849  EM
              9 -0.93351716D+04    3.2636718    0.0003495  EM
             10 -0.93330477D+04    2.1238907    0.0002275  EM


  FINAL STAGE ITERATIONS


  TECHNICAL 8 OUTPUT FOR STARTING VALUE SET 2




   E STEP  ITER  LOGLIKELIHOOD    ABS CHANGE   REL CHANGE  ALGORITHM
              1 -0.19174991D+05    0.0000000    0.0000000  EM
              2 -0.94455945D+04 9729.3964989    0.5074003  EM
              3 -0.94010567D+04   44.5377616    0.0047152  EM
              4 -0.93664286D+04   34.6280846    0.0036834  EM
              5 -0.93429746D+04   23.4540103    0.0025041  EM
              6 -0.93312506D+04   11.7239648    0.0012548  EM
              7 -0.93259025D+04    5.3481919    0.0005731  EM
              8 -0.93234937D+04    2.4087629    0.0002583  EM
              9 -0.93220581D+04    1.4355889    0.0001540  EM
             10 -0.93210169D+04    1.0412315    0.0001117  EM
             11 -0.93202072D+04    0.8096859    0.0000869  EM
             12 -0.93195641D+04    0.6431309    0.0000690  EM
             13 -0.93190512D+04    0.5128606    0.0000550  EM
             14 -0.93186438D+04    0.4074281    0.0000437  EM
             15 -0.93183226D+04    0.3211730    0.0000345  EM
             16 -0.93180718D+04    0.2507487    0.0000269  EM
             17 -0.93178781D+04    0.1937712    0.0000208  EM
             18 -0.93177299D+04    0.1481850    0.0000159  EM
             19 -0.93176176D+04    0.1122475    0.0000120  EM
             20 -0.93175334D+04    0.0842678    0.0000090  EM
             21 -0.93174706D+04    0.0627603    0.0000067  EM
             22 -0.93174242D+04    0.0464255    0.0000050  EM
             23 -0.93173900D+04    0.0341528    0.0000037  EM
             24 -0.93173650D+04    0.0249924    0.0000027  EM
             25 -0.93173468D+04    0.0182132    0.0000020  EM
             26 -0.93173336D+04    0.0132273    0.0000014  EM
             27 -0.93173240D+04    0.0095789    0.0000010  EM
             28 -0.93173171D+04    0.0069221    0.0000007  EM
             29 -0.93173121D+04    0.0049934    0.0000005  EM
             30 -0.93173085D+04    0.0035981    0.0000004  EM
             31 -0.93173059D+04    0.0025901    0.0000003  EM
             32 -0.93173041D+04    0.0018636    0.0000002  EM
             33 -0.93173027D+04    0.0013370    0.0000001  EM
             34 -0.93173018D+04    0.0009629    0.0000001  EM


PLOT INFORMATION

The following plots are available:

  Histograms (sample values)
  Scatterplots (sample values)

SAVEDATA INFORMATION


  Save file
    /Users/atanas/git/PR_quant_LPA/mplus/1_optseed_m/c3_1_optseed_m_v1.dat

  Order of variables

    PB
    TB
    BHS
    AC
    CPROB1
    CPROB2
    CPROB3
    C
    ID

  Save file format           Free

  Save file record length    10000

  Save missing symbol        *


     Beginning Time:  13:01:29
        Ending Time:  13:01:30
       Elapsed Time:  00:00:01



MUTHEN & MUTHEN
3463 Stoner Ave.
Los Angeles, CA  90066

Tel: (310) 391-9971
Fax: (310) 391-8971
Web: www.StatModel.com
Support: Support@StatModel.com

Copyright (c) 1998-2021 Muthen & Muthen
