Mplus VERSION 8.6 (Mac)
MUTHEN & MUTHEN
01/25/2022   1:01 PM

INPUT INSTRUCTIONS

  TITLE:
  Class 6 1_optseed_m_v1
  DATA:
  FILE = "/Users/atanas/git/PR_quant_LPA/mplus/1_optseed_m/full_1_optseed_m.dat";

  VARIABLE:
  NAMES = ID pb tb bhs ac;
   MISSING=.;
   USEVARIABLES = pb tb bhs ac;
  IDVARIABLE = ID;
  CLASSES = c(6);
  ANALYSIS:
  ESTIMATOR = MLR;
             ALGORITHM = INTEGRATION;
             TYPE = MIXTURE;
             STARTS = 20 4;
             ! OPTSEED = 391179;
             ! Dual-Core with hyperthreading = 4 processors
             PROCESSORS = 4;
             ! K-1STARTS = 20 4; ! used with TECH11 output
             ! LRTSTARTS = 20 4 40 8; ! used with TECH14 output
  OUTPUT:
  TECH1 TECH8;
             ! TECH11 TECH14;
            STANDARDIZED; ! this saves standardised scores for plotting
  SAVEDATA:
  FILE = /Users/atanas/git/PR_quant_LPA/mplus/1_optseed_m/c6_1_optseed_m_v1.dat;
  SAVE = CPROB;
              FORMAT = FREE;
  PLOT:
  TYPE = PLOT3;



*** WARNING in MODEL command
  All variables are uncorrelated with all other variables within class.
  Check that this is what is intended.
*** WARNING
  Data set contains cases with missing on all variables.
  These cases were not included in the analysis.
  Number of cases with missing on all variables:  5
   2 WARNING(S) FOUND IN THE INPUT INSTRUCTIONS




Class 6 1_optseed_m_v1

SUMMARY OF ANALYSIS

Number of groups                                                 1
Number of observations                                         747

Number of dependent variables                                    4
Number of independent variables                                  0
Number of continuous latent variables                            0
Number of categorical latent variables                           1

Observed dependent variables

  Continuous
   PB          TB          BHS         AC

Categorical latent variables
   C

Variables with special functions

  ID variable           ID

Estimator                                                      MLR
Information matrix                                        OBSERVED
Optimization Specifications for the Quasi-Newton Algorithm for
Continuous Outcomes
  Maximum number of iterations                                 100
  Convergence criterion                                  0.100D-05
Optimization Specifications for the EM Algorithm
  Maximum number of iterations                                 500
  Convergence criteria
    Loglikelihood change                                 0.100D-02
    Relative loglikelihood change                        0.100D-05
    Derivative                                           0.100D-02
Optimization Specifications for the M step of the EM Algorithm for
Categorical Latent variables
  Number of M step iterations                                    1
  M step convergence criterion                           0.100D-02
  Basis for M step termination                           ITERATION
Optimization Specifications for the M step of the EM Algorithm for
Censored, Binary or Ordered Categorical (Ordinal), Unordered
Categorical (Nominal) and Count Outcomes
  Number of M step iterations                                    1
  M step convergence criterion                           0.100D-02
  Basis for M step termination                           ITERATION
  Maximum value for logit thresholds                            15
  Minimum value for logit thresholds                           -15
  Minimum expected cell size for chi-square              0.100D-01
Maximum number of iterations for H1                           2000
Convergence criterion for H1                             0.100D-03
Optimization algorithm                                         EMA
Integration Specifications
  Type                                                    STANDARD
  Number of integration points                                  15
  Dimensions of numerical integration                            0
  Adaptive quadrature                                           ON
Random Starts Specifications
  Number of initial stage random starts                         20
  Number of final stage optimizations                            4
  Number of initial stage iterations                            10
  Initial stage convergence criterion                    0.100D+01
  Random starts scale                                    0.500D+01
  Random seed for generating random starts                       0
Cholesky                                                       OFF

Input data file(s)
  /Users/atanas/git/PR_quant_LPA/mplus/1_optseed_m/full_1_optseed_m.dat
Input data format  FREE


SUMMARY OF DATA

     Number of missing data patterns             9
     Number of y missing data patterns           9
     Number of u missing data patterns           0


COVARIANCE COVERAGE OF DATA

Minimum covariance coverage value   0.100


     PROPORTION OF DATA PRESENT FOR Y


           Covariance Coverage
              PB            TB            BHS           AC
              ________      ________      ________      ________
 PB             0.969
 TB             0.964         0.964
 BHS            0.929         0.925         0.959
 AC             0.902         0.898         0.878         0.905



UNIVARIATE SAMPLE STATISTICS


     UNIVARIATE HIGHER-ORDER MOMENT DESCRIPTIVE STATISTICS

         Variable/         Mean/     Skewness/   Minimum/ % with                Percentiles
        Sample Size      Variance    Kurtosis    Maximum  Min/Max      20%/60%    40%/80%    Median

     PB                   25.541      -0.240       6.000    1.66%      16.000     24.000     26.000
             724.000      85.260      -0.796      42.000    2.90%      29.000     34.000
     TB                   39.288      -0.399       9.000    0.14%      32.000     38.000     40.000
             720.000      85.539       0.181      61.000    0.28%      42.000     47.000
     BHS                  12.756      -0.338       0.000    0.42%       9.000     11.000     13.000
             716.000      22.271      -0.632      20.000    6.84%      14.120     17.000
     AC                   17.146      -0.380       0.000    0.74%      12.000     16.000     17.000
             676.000      43.051      -0.382      28.000    5.47%      19.000     23.000

RANDOM STARTS RESULTS RANKED FROM THE BEST TO THE WORST LOGLIKELIHOOD VALUES

Final stage loglikelihood values at local maxima, seeds, and initial stage start numbers:

           -9276.895  462953           7
           -9276.900  76974            16
           -9281.079  285380           1
           -9281.083  650371           14



THE BEST LOGLIKELIHOOD VALUE HAS BEEN REPLICATED.  RERUN WITH AT LEAST TWICE THE
RANDOM STARTS TO CHECK THAT THE BEST LOGLIKELIHOOD IS STILL OBTAINED AND REPLICATED.


THE MODEL ESTIMATION TERMINATED NORMALLY



MODEL FIT INFORMATION

Number of Free Parameters                       33

Loglikelihood

          H0 Value                       -9276.895
          H0 Scaling Correction Factor      1.0989
            for MLR

Information Criteria

          Akaike (AIC)                   18619.789
          Bayesian (BIC)                 18772.119
          Sample-Size Adjusted BIC       18667.332
            (n* = (n + 2) / 24)



FINAL CLASS COUNTS AND PROPORTIONS FOR THE LATENT CLASSES
BASED ON THE ESTIMATED MODEL

    Latent
   Classes

       1         43.67814          0.05847
       2         43.87185          0.05873
       3        136.65387          0.18294
       4        140.58985          0.18821
       5        204.95423          0.27437
       6        177.25206          0.23729


FINAL CLASS COUNTS AND PROPORTIONS FOR THE LATENT CLASSES
BASED ON ESTIMATED POSTERIOR PROBABILITIES

    Latent
   Classes

       1         43.67814          0.05847
       2         43.87185          0.05873
       3        136.65387          0.18294
       4        140.58986          0.18821
       5        204.95425          0.27437
       6        177.25203          0.23729


FINAL CLASS COUNTS AND PROPORTIONS FOR THE LATENT CLASSES
BASED ON THEIR MOST LIKELY LATENT CLASS MEMBERSHIP

Class Counts and Proportions

    Latent
   Classes

       1               38          0.05087
       2               43          0.05756
       3              138          0.18474
       4              134          0.17938
       5              210          0.28112
       6              184          0.24632


CLASSIFICATION QUALITY

     Entropy                         0.663


Average Latent Class Probabilities for Most Likely Latent Class Membership (Row)
by Latent Class (Column)

           1        2        3        4        5        6

    1   0.718    0.169    0.097    0.000    0.000    0.015
    2   0.164    0.746    0.081    0.000    0.000    0.009
    3   0.057    0.035    0.743    0.065    0.001    0.100
    4   0.000    0.000    0.069    0.680    0.173    0.077
    5   0.000    0.000    0.002    0.125    0.814    0.059
    6   0.008    0.003    0.094    0.077    0.059    0.759


Classification Probabilities for the Most Likely Latent Class Membership (Column)
by Latent Class (Row)

           1        2        3        4        5        6

    1   0.625    0.162    0.179    0.001    0.000    0.034
    2   0.147    0.731    0.110    0.000    0.001    0.011
    3   0.027    0.025    0.750    0.068    0.003    0.127
    4   0.000    0.000    0.064    0.648    0.187    0.101
    5   0.000    0.000    0.000    0.113    0.834    0.053
    6   0.003    0.002    0.078    0.058    0.070    0.788


Logits for the Classification Probabilities for the Most Likely Latent Class Membership (Column)
by Latent Class (Row)

              1        2        3        4        5        6

    1      2.915    1.565    1.664   -4.067   -6.795    0.000
    2      2.622    4.229    2.339   -4.345   -2.615    0.000
    3     -1.543   -1.606    1.779   -0.624   -3.741    0.000
    4     -9.621   -9.569   -0.457    1.858    0.613    0.000
    5    -10.873  -10.873   -4.747    0.764    2.761    0.000
    6     -5.483   -5.942   -2.318   -2.602   -2.417    0.000


MODEL RESULTS

                                                    Two-Tailed
                    Estimate       S.E.  Est./S.E.    P-Value

Latent Class 1

 Means
    PB                13.738      1.805      7.610      0.000
    TB                31.543      1.990     15.854      0.000
    BHS                5.137      0.853      6.020      0.000
    AC                 8.177      3.369      2.427      0.015

 Variances
    PB                28.557      2.616     10.914      0.000
    TB                50.867      3.341     15.223      0.000
    BHS                5.874      0.692      8.485      0.000
    AC                35.551      2.168     16.399      0.000

Latent Class 2

 Means
    PB                12.400      1.556      7.968      0.000
    TB                22.242      3.106      7.160      0.000
    BHS                5.146      1.030      4.997      0.000
    AC                15.780      1.646      9.585      0.000

 Variances
    PB                28.557      2.616     10.914      0.000
    TB                50.867      3.341     15.223      0.000
    BHS                5.874      0.692      8.485      0.000
    AC                35.551      2.168     16.399      0.000

Latent Class 3

 Means
    PB                16.746      1.152     14.536      0.000
    TB                35.672      1.297     27.511      0.000
    BHS               10.671      0.599     17.815      0.000
    AC                15.205      0.976     15.583      0.000

 Variances
    PB                28.557      2.616     10.914      0.000
    TB                50.867      3.341     15.223      0.000
    BHS                5.874      0.692      8.485      0.000
    AC                35.551      2.168     16.399      0.000

Latent Class 4

 Means
    PB                24.197      2.113     11.453      0.000
    TB                40.870      1.263     32.368      0.000
    BHS               16.027      0.432     37.140      0.000
    AC                18.323      0.831     22.045      0.000

 Variances
    PB                28.557      2.616     10.914      0.000
    TB                50.867      3.341     15.223      0.000
    BHS                5.874      0.692      8.485      0.000
    AC                35.551      2.168     16.399      0.000

Latent Class 5

 Means
    PB                34.049      0.990     34.411      0.000
    TB                45.737      0.873     52.379      0.000
    BHS               17.210      0.286     60.201      0.000
    AC                19.875      0.730     27.221      0.000

 Variances
    PB                28.557      2.616     10.914      0.000
    TB                50.867      3.341     15.223      0.000
    BHS                5.874      0.692      8.485      0.000
    AC                35.551      2.168     16.399      0.000

Latent Class 6

 Means
    PB                29.717      0.949     31.316      0.000
    TB                39.493      0.721     54.738      0.000
    BHS               10.472      0.373     28.076      0.000
    AC                16.968      0.707     24.003      0.000

 Variances
    PB                28.557      2.616     10.914      0.000
    TB                50.867      3.341     15.223      0.000
    BHS                5.874      0.692      8.485      0.000
    AC                35.551      2.168     16.399      0.000

Categorical Latent Variables

 Means
    C#1               -1.401      0.713     -1.964      0.050
    C#2               -1.396      0.613     -2.279      0.023
    C#3               -0.260      0.288     -0.904      0.366
    C#4               -0.232      0.383     -0.605      0.545
    C#5                0.145      0.233      0.622      0.534


QUALITY OF NUMERICAL RESULTS

     Condition Number for the Information Matrix              0.717E-03
       (ratio of smallest to largest eigenvalue)


STANDARDIZED MODEL RESULTS


STDYX Standardization

                                                    Two-Tailed
                    Estimate       S.E.  Est./S.E.    P-Value

Latent Class 1

 Means
    PB                 2.571      0.316      8.124      0.000
    TB                 4.423      0.326     13.580      0.000
    BHS                2.119      0.373      5.677      0.000
    AC                 1.371      0.552      2.483      0.013

 Variances
    PB                 1.000      0.000    999.000    999.000
    TB                 1.000      0.000    999.000    999.000
    BHS                1.000      0.000    999.000    999.000
    AC                 1.000      0.000    999.000    999.000

Latent Class 2

 Means
    PB                 2.320      0.310      7.488      0.000
    TB                 3.119      0.442      7.057      0.000
    BHS                2.123      0.387      5.489      0.000
    AC                 2.647      0.282      9.373      0.000

 Variances
    PB                 1.000      0.000    999.000    999.000
    TB                 1.000      0.000    999.000    999.000
    BHS                1.000      0.000    999.000    999.000
    AC                 1.000      0.000    999.000    999.000

Latent Class 3

 Means
    PB                 3.134      0.244     12.822      0.000
    TB                 5.002      0.286     17.460      0.000
    BHS                4.403      0.323     13.640      0.000
    AC                 2.550      0.176     14.500      0.000

 Variances
    PB                 1.000      0.000    999.000    999.000
    TB                 1.000      0.000    999.000    999.000
    BHS                1.000      0.000    999.000    999.000
    AC                 1.000      0.000    999.000    999.000

Latent Class 4

 Means
    PB                 4.528      0.475      9.542      0.000
    TB                 5.730      0.271     21.158      0.000
    BHS                6.613      0.455     14.530      0.000
    AC                 3.073      0.168     18.301      0.000

 Variances
    PB                 1.000      0.000    999.000    999.000
    TB                 1.000      0.000    999.000    999.000
    BHS                1.000      0.000    999.000    999.000
    AC                 1.000      0.000    999.000    999.000

Latent Class 5

 Means
    PB                 6.372      0.410     15.547      0.000
    TB                 6.413      0.277     23.151      0.000
    BHS                7.101      0.488     14.540      0.000
    AC                 3.333      0.183     18.197      0.000

 Variances
    PB                 1.000      0.000    999.000    999.000
    TB                 1.000      0.000    999.000    999.000
    BHS                1.000      0.000    999.000    999.000
    AC                 1.000      0.000    999.000    999.000

Latent Class 6

 Means
    PB                 5.561      0.306     18.157      0.000
    TB                 5.537      0.194     28.577      0.000
    BHS                4.321      0.337     12.833      0.000
    AC                 2.846      0.149     19.078      0.000

 Variances
    PB                 1.000      0.000    999.000    999.000
    TB                 1.000      0.000    999.000    999.000
    BHS                1.000      0.000    999.000    999.000
    AC                 1.000      0.000    999.000    999.000


STDY Standardization

                                                    Two-Tailed
                    Estimate       S.E.  Est./S.E.    P-Value

Latent Class 1

 Means
    PB                 2.571      0.316      8.124      0.000
    TB                 4.423      0.326     13.580      0.000
    BHS                2.119      0.373      5.677      0.000
    AC                 1.371      0.552      2.483      0.013

 Variances
    PB                 1.000      0.000    999.000    999.000
    TB                 1.000      0.000    999.000    999.000
    BHS                1.000      0.000    999.000    999.000
    AC                 1.000      0.000    999.000    999.000

Latent Class 2

 Means
    PB                 2.320      0.310      7.488      0.000
    TB                 3.119      0.442      7.057      0.000
    BHS                2.123      0.387      5.489      0.000
    AC                 2.647      0.282      9.373      0.000

 Variances
    PB                 1.000      0.000    999.000    999.000
    TB                 1.000      0.000    999.000    999.000
    BHS                1.000      0.000    999.000    999.000
    AC                 1.000      0.000    999.000    999.000

Latent Class 3

 Means
    PB                 3.134      0.244     12.822      0.000
    TB                 5.002      0.286     17.460      0.000
    BHS                4.403      0.323     13.640      0.000
    AC                 2.550      0.176     14.500      0.000

 Variances
    PB                 1.000      0.000    999.000    999.000
    TB                 1.000      0.000    999.000    999.000
    BHS                1.000      0.000    999.000    999.000
    AC                 1.000      0.000    999.000    999.000

Latent Class 4

 Means
    PB                 4.528      0.475      9.542      0.000
    TB                 5.730      0.271     21.158      0.000
    BHS                6.613      0.455     14.530      0.000
    AC                 3.073      0.168     18.301      0.000

 Variances
    PB                 1.000      0.000    999.000    999.000
    TB                 1.000      0.000    999.000    999.000
    BHS                1.000      0.000    999.000    999.000
    AC                 1.000      0.000    999.000    999.000

Latent Class 5

 Means
    PB                 6.372      0.410     15.547      0.000
    TB                 6.413      0.277     23.151      0.000
    BHS                7.101      0.488     14.540      0.000
    AC                 3.333      0.183     18.197      0.000

 Variances
    PB                 1.000      0.000    999.000    999.000
    TB                 1.000      0.000    999.000    999.000
    BHS                1.000      0.000    999.000    999.000
    AC                 1.000      0.000    999.000    999.000

Latent Class 6

 Means
    PB                 5.561      0.306     18.157      0.000
    TB                 5.537      0.194     28.577      0.000
    BHS                4.321      0.337     12.833      0.000
    AC                 2.846      0.149     19.078      0.000

 Variances
    PB                 1.000      0.000    999.000    999.000
    TB                 1.000      0.000    999.000    999.000
    BHS                1.000      0.000    999.000    999.000
    AC                 1.000      0.000    999.000    999.000


STD Standardization

                                                    Two-Tailed
                    Estimate       S.E.  Est./S.E.    P-Value

Latent Class 1

 Means
    PB                13.738      1.805      7.610      0.000
    TB                31.543      1.990     15.854      0.000
    BHS                5.137      0.853      6.020      0.000
    AC                 8.177      3.369      2.427      0.015

 Variances
    PB                28.557      2.616     10.914      0.000
    TB                50.867      3.341     15.223      0.000
    BHS                5.874      0.692      8.485      0.000
    AC                35.551      2.168     16.399      0.000

Latent Class 2

 Means
    PB                12.400      1.556      7.968      0.000
    TB                22.242      3.106      7.160      0.000
    BHS                5.146      1.030      4.997      0.000
    AC                15.780      1.646      9.585      0.000

 Variances
    PB                28.557      2.616     10.914      0.000
    TB                50.867      3.341     15.223      0.000
    BHS                5.874      0.692      8.485      0.000
    AC                35.551      2.168     16.399      0.000

Latent Class 3

 Means
    PB                16.746      1.152     14.536      0.000
    TB                35.672      1.297     27.511      0.000
    BHS               10.671      0.599     17.815      0.000
    AC                15.205      0.976     15.583      0.000

 Variances
    PB                28.557      2.616     10.914      0.000
    TB                50.867      3.341     15.223      0.000
    BHS                5.874      0.692      8.485      0.000
    AC                35.551      2.168     16.399      0.000

Latent Class 4

 Means
    PB                24.197      2.113     11.453      0.000
    TB                40.870      1.263     32.368      0.000
    BHS               16.027      0.432     37.140      0.000
    AC                18.323      0.831     22.045      0.000

 Variances
    PB                28.557      2.616     10.914      0.000
    TB                50.867      3.341     15.223      0.000
    BHS                5.874      0.692      8.485      0.000
    AC                35.551      2.168     16.399      0.000

Latent Class 5

 Means
    PB                34.049      0.990     34.411      0.000
    TB                45.737      0.873     52.379      0.000
    BHS               17.210      0.286     60.201      0.000
    AC                19.875      0.730     27.221      0.000

 Variances
    PB                28.557      2.616     10.914      0.000
    TB                50.867      3.341     15.223      0.000
    BHS                5.874      0.692      8.485      0.000
    AC                35.551      2.168     16.399      0.000

Latent Class 6

 Means
    PB                29.717      0.949     31.316      0.000
    TB                39.493      0.721     54.738      0.000
    BHS               10.472      0.373     28.076      0.000
    AC                16.968      0.707     24.003      0.000

 Variances
    PB                28.557      2.616     10.914      0.000
    TB                50.867      3.341     15.223      0.000
    BHS                5.874      0.692      8.485      0.000
    AC                35.551      2.168     16.399      0.000


TECHNICAL 1 OUTPUT


     PARAMETER SPECIFICATION FOR LATENT CLASS 1


           NU
              PB            TB            BHS           AC
              ________      ________      ________      ________
                    1             2             3             4


           THETA
              PB            TB            BHS           AC
              ________      ________      ________      ________
 PB                 5
 TB                 0             6
 BHS                0             0             7
 AC                 0             0             0             8


     PARAMETER SPECIFICATION FOR LATENT CLASS 2


           NU
              PB            TB            BHS           AC
              ________      ________      ________      ________
                    9            10            11            12


           THETA
              PB            TB            BHS           AC
              ________      ________      ________      ________
 PB                 5
 TB                 0             6
 BHS                0             0             7
 AC                 0             0             0             8


     PARAMETER SPECIFICATION FOR LATENT CLASS 3


           NU
              PB            TB            BHS           AC
              ________      ________      ________      ________
                   13            14            15            16


           THETA
              PB            TB            BHS           AC
              ________      ________      ________      ________
 PB                 5
 TB                 0             6
 BHS                0             0             7
 AC                 0             0             0             8


     PARAMETER SPECIFICATION FOR LATENT CLASS 4


           NU
              PB            TB            BHS           AC
              ________      ________      ________      ________
                   17            18            19            20


           THETA
              PB            TB            BHS           AC
              ________      ________      ________      ________
 PB                 5
 TB                 0             6
 BHS                0             0             7
 AC                 0             0             0             8


     PARAMETER SPECIFICATION FOR LATENT CLASS 5


           NU
              PB            TB            BHS           AC
              ________      ________      ________      ________
                   21            22            23            24


           THETA
              PB            TB            BHS           AC
              ________      ________      ________      ________
 PB                 5
 TB                 0             6
 BHS                0             0             7
 AC                 0             0             0             8


     PARAMETER SPECIFICATION FOR LATENT CLASS 6


           NU
              PB            TB            BHS           AC
              ________      ________      ________      ________
                   25            26            27            28


           THETA
              PB            TB            BHS           AC
              ________      ________      ________      ________
 PB                 5
 TB                 0             6
 BHS                0             0             7
 AC                 0             0             0             8


     PARAMETER SPECIFICATION FOR LATENT CLASS REGRESSION MODEL PART


           ALPHA(C)
              C#1           C#2           C#3           C#4           C#5
              ________      ________      ________      ________      ________
                   29            30            31            32            33


           ALPHA(C)
              C#6
              ________
                    0


     STARTING VALUES FOR LATENT CLASS 1


           NU
              PB            TB            BHS           AC
              ________      ________      ________      ________
                7.074        20.790         3.318         4.023


           THETA
              PB            TB            BHS           AC
              ________      ________      ________      ________
 PB            42.630
 TB             0.000        42.769
 BHS            0.000         0.000        11.136
 AC             0.000         0.000         0.000        21.526


     STARTING VALUES FOR LATENT CLASS 2


           NU
              PB            TB            BHS           AC
              ________      ________      ________      ________
               16.307        30.039         8.037        10.585


           THETA
              PB            TB            BHS           AC
              ________      ________      ________      ________
 PB            42.630
 TB             0.000        42.769
 BHS            0.000         0.000        11.136
 AC             0.000         0.000         0.000        21.526


     STARTING VALUES FOR LATENT CLASS 3


           NU
              PB            TB            BHS           AC
              ________      ________      ________      ________
               25.541        39.288        12.756        17.146


           THETA
              PB            TB            BHS           AC
              ________      ________      ________      ________
 PB            42.630
 TB             0.000        42.769
 BHS            0.000         0.000        11.136
 AC             0.000         0.000         0.000        21.526


     STARTING VALUES FOR LATENT CLASS 4


           NU
              PB            TB            BHS           AC
              ________      ________      ________      ________
               25.541        39.288        12.756        17.146


           THETA
              PB            TB            BHS           AC
              ________      ________      ________      ________
 PB            42.630
 TB             0.000        42.769
 BHS            0.000         0.000        11.136
 AC             0.000         0.000         0.000        21.526


     STARTING VALUES FOR LATENT CLASS 5


           NU
              PB            TB            BHS           AC
              ________      ________      ________      ________
               34.775        48.536        17.476        23.708


           THETA
              PB            TB            BHS           AC
              ________      ________      ________      ________
 PB            42.630
 TB             0.000        42.769
 BHS            0.000         0.000        11.136
 AC             0.000         0.000         0.000        21.526


     STARTING VALUES FOR LATENT CLASS 6


           NU
              PB            TB            BHS           AC
              ________      ________      ________      ________
               44.008        57.785        22.195        30.269


           THETA
              PB            TB            BHS           AC
              ________      ________      ________      ________
 PB            42.630
 TB             0.000        42.769
 BHS            0.000         0.000        11.136
 AC             0.000         0.000         0.000        21.526


     STARTING VALUES FOR LATENT CLASS REGRESSION MODEL PART


           ALPHA(C)
              C#1           C#2           C#3           C#4           C#5
              ________      ________      ________      ________      ________
                0.000         0.000         0.000         0.000         0.000


           ALPHA(C)
              C#6
              ________
                0.000


TECHNICAL 8 OUTPUT


  INITIAL STAGE ITERATIONS


  TECHNICAL 8 OUTPUT FOR UNPERTURBED STARTING VALUE SET


   E STEP  ITER  LOGLIKELIHOOD    ABS CHANGE   REL CHANGE  ALGORITHM
              1 -0.96424938D+04    0.0000000    0.0000000  EM
              2 -0.93402320D+04  302.2617564    0.0313468  EM
              3 -0.93256673D+04   14.5646804    0.0015593  EM
              4 -0.93217691D+04    3.8981750    0.0004180  EM
              5 -0.93195466D+04    2.2225441    0.0002384  EM
              6 -0.93178100D+04    1.7366183    0.0001863  EM
              7 -0.93164644D+04    1.3455895    0.0001444  EM
              8 -0.93154586D+04    1.0058022    0.0001080  EM
              9 -0.93146974D+04    0.7612065    0.0000817  EM


  TECHNICAL 8 OUTPUT FOR STARTING VALUE SET 1


   E STEP  ITER  LOGLIKELIHOOD    ABS CHANGE   REL CHANGE  ALGORITHM
              1 -0.16197154D+05    0.0000000    0.0000000  EM
              2 -0.93752641D+04 6821.8894200    0.4211783  EM
              3 -0.93385520D+04   36.7121313    0.0039159  EM
              4 -0.93275608D+04   10.9911758    0.0011770  EM
              5 -0.93227652D+04    4.7955634    0.0005141  EM
              6 -0.93196164D+04    3.1487697    0.0003378  EM
              7 -0.93169762D+04    2.6402036    0.0002833  EM
              8 -0.93145623D+04    2.4139109    0.0002591  EM
              9 -0.93123010D+04    2.2613624    0.0002428  EM
             10 -0.93101728D+04    2.1282069    0.0002285  EM


  TECHNICAL 8 OUTPUT FOR STARTING VALUE SET 2


   E STEP  ITER  LOGLIKELIHOOD    ABS CHANGE   REL CHANGE  ALGORITHM
              1 -0.11941295D+05    0.0000000    0.0000000  EM
              2 -0.95551054D+04 2386.1896034    0.1998267  EM
              3 -0.94823324D+04   72.7730611    0.0076161  EM
              4 -0.94188936D+04   63.4388001    0.0066902  EM
              5 -0.93782801D+04   40.6134839    0.0043119  EM
              6 -0.93574106D+04   20.8695193    0.0022253  EM
              7 -0.93466824D+04   10.7281335    0.0011465  EM
              8 -0.93406448D+04    6.0376654    0.0006460  EM
              9 -0.93367821D+04    3.8626387    0.0004135  EM
             10 -0.93339720D+04    2.8101677    0.0003010  EM


  TECHNICAL 8 OUTPUT FOR STARTING VALUE SET 3


   E STEP  ITER  LOGLIKELIHOOD    ABS CHANGE   REL CHANGE  ALGORITHM
              1 -0.14133004D+05    0.0000000    0.0000000  EM
              2 -0.93961929D+04 4736.8108804    0.3351595  EM
              3 -0.93524821D+04   43.7108144    0.0046520  EM
              4 -0.93373062D+04   15.1759096    0.0016227  EM
              5 -0.93297145D+04    7.5916618    0.0008130  EM
              6 -0.93251867D+04    4.5277660    0.0004853  EM
              7 -0.93221403D+04    3.0464555    0.0003267  EM
              8 -0.93198819D+04    2.2583896    0.0002423  EM
              9 -0.93180800D+04    1.8019214    0.0001933  EM
             10 -0.93165679D+04    1.5120453    0.0001623  EM


  TECHNICAL 8 OUTPUT FOR STARTING VALUE SET 4


   E STEP  ITER  LOGLIKELIHOOD    ABS CHANGE   REL CHANGE  ALGORITHM
              1 -0.17313080D+05    0.0000000    0.0000000  EM
              2 -0.95513893D+04 7761.6910417    0.4483137  EM
              3 -0.94633414D+04   88.0478830    0.0092183  EM
              4 -0.94102403D+04   53.1011434    0.0056112  EM
              5 -0.93685224D+04   41.7178702    0.0044332  EM
              6 -0.93418514D+04   26.6710419    0.0028469  EM
              7 -0.93279518D+04   13.8996243    0.0014879  EM
              8 -0.93223163D+04    5.6354751    0.0006041  EM
              9 -0.93197187D+04    2.5976371    0.0002786  EM
             10 -0.93181052D+04    1.6134106    0.0001731  EM


  TECHNICAL 8 OUTPUT FOR STARTING VALUE SET 5


   E STEP  ITER  LOGLIKELIHOOD    ABS CHANGE   REL CHANGE  ALGORITHM
              1 -0.15345644D+05    0.0000000    0.0000000  EM
              2 -0.95078316D+04 5837.8126135    0.3804215  EM
              3 -0.94353599D+04   72.4716878    0.0076223  EM
              4 -0.93823432D+04   53.0166247    0.0056189  EM
              5 -0.93526143D+04   29.7289745    0.0031686  EM
              6 -0.93398600D+04   12.7542783    0.0013637  EM
              7 -0.93327330D+04    7.1270005    0.0007631  EM
              8 -0.93277953D+04    4.9377082    0.0005291  EM
              9 -0.93240796D+04    3.7156724    0.0003983  EM
             10 -0.93212027D+04    2.8769312    0.0003085  EM


  FINAL STAGE ITERATIONS


  TECHNICAL 8 OUTPUT FOR STARTING VALUE SET 1




   E STEP  ITER  LOGLIKELIHOOD    ABS CHANGE   REL CHANGE  ALGORITHM
              1 -0.16197154D+05    0.0000000    0.0000000  EM
              2 -0.93752641D+04 6821.8894200    0.4211783  EM
              3 -0.93385520D+04   36.7121313    0.0039159  EM
              4 -0.93275608D+04   10.9911758    0.0011770  EM
              5 -0.93227652D+04    4.7955634    0.0005141  EM
              6 -0.93196164D+04    3.1487697    0.0003378  EM
              7 -0.93169762D+04    2.6402036    0.0002833  EM
              8 -0.93145623D+04    2.4139109    0.0002591  EM
              9 -0.93123010D+04    2.2613624    0.0002428  EM
             10 -0.93101728D+04    2.1282069    0.0002285  EM
             11 -0.93081725D+04    2.0002732    0.0002148  EM
             12 -0.93062941D+04    1.8783663    0.0002018  EM
             13 -0.93045256D+04    1.7685367    0.0001900  EM
             14 -0.93028490D+04    1.6765859    0.0001802  EM
             15 -0.93012506D+04    1.5984202    0.0001718  EM
             16 -0.92997393D+04    1.5112643    0.0001625  EM
             17 -0.92983560D+04    1.3833126    0.0001487  EM
             18 -0.92971481D+04    1.2078980    0.0001299  EM
             19 -0.92961323D+04    1.0158413    0.0001093  EM
             20 -0.92952898D+04    0.8424223    0.0000906  EM
             21 -0.92945868D+04    0.7030787    0.0000756  EM
             22 -0.92939903D+04    0.5964913    0.0000642  EM
             23 -0.92934736D+04    0.5166704    0.0000556  EM
             24 -0.92930166D+04    0.4569956    0.0000492  EM
             25 -0.92926039D+04    0.4127333    0.0000444  EM
             26 -0.92922238D+04    0.3800515    0.0000409  EM
             27 -0.92918675D+04    0.3563219    0.0000383  EM
             28 -0.92915280D+04    0.3394920    0.0000365  EM
             29 -0.92912000D+04    0.3280017    0.0000353  EM
             30 -0.92908793D+04    0.3206544    0.0000345  EM
             31 -0.92905628D+04    0.3165071    0.0000341  EM
             32 -0.92902480D+04    0.3147999    0.0000339  EM
             33 -0.92899331D+04    0.3149386    0.0000339  EM
             34 -0.92896168D+04    0.3163422    0.0000341  EM
             35 -0.92892982D+04    0.3185588    0.0000343  EM
             36 -0.92889770D+04    0.3211896    0.0000346  EM
             37 -0.92886532D+04    0.3238183    0.0000349  EM
             38 -0.92883271D+04    0.3261016    0.0000351  EM
             39 -0.92879994D+04    0.3277400    0.0000353  EM
             40 -0.92876710D+04    0.3283813    0.0000354  EM
             41 -0.92873431D+04    0.3278670    0.0000353  EM
             42 -0.92870171D+04    0.3260173    0.0000351  EM
             43 -0.92866944D+04    0.3227302    0.0000348  EM
             44 -0.92863763D+04    0.3180384    0.0000342  EM
             45 -0.92860645D+04    0.3118428    0.0000336  EM
             46 -0.92857602D+04    0.3042771    0.0000328  EM
             47 -0.92854646D+04    0.2955514    0.0000318  EM
             48 -0.92851788D+04    0.2858095    0.0000308  EM
             49 -0.92849036D+04    0.2752244    0.0000296  EM
             50 -0.92846396D+04    0.2639933    0.0000284  EM
             51 -0.92843873D+04    0.2523177    0.0000272  EM
             52 -0.92841470D+04    0.2403389    0.0000259  EM
             53 -0.92839187D+04    0.2282297    0.0000246  EM
             54 -0.92837026D+04    0.2161180    0.0000233  EM
             55 -0.92834985D+04    0.2041014    0.0000220  EM
             56 -0.92833062D+04    0.1922645    0.0000207  EM
             57 -0.92831256D+04    0.1806841    0.0000195  EM
             58 -0.92826757D+04    0.4498275    0.0000485  QN
             59 -0.92823007D+04    0.3750034    0.0000404  EM
             60 -0.92821671D+04    0.1336660    0.0000144  EM
             61 -0.92820579D+04    0.1091475    0.0000118  EM
             62 -0.92819621D+04    0.0958344    0.0000103  EM
             63 -0.92818759D+04    0.0861548    0.0000093  EM
             64 -0.92817978D+04    0.0781358    0.0000084  EM
             65 -0.92817267D+04    0.0710846    0.0000077  EM
             66 -0.92816620D+04    0.0647054    0.0000070  EM
             67 -0.92816031D+04    0.0588647    0.0000063  EM
             68 -0.92815497D+04    0.0534826    0.0000058  EM
             69 -0.92815011D+04    0.0485400    0.0000052  EM
             70 -0.92813493D+04    0.1518652    0.0000164  QN
             71 -0.92812547D+04    0.0945660    0.0000102  EM
             72 -0.92812292D+04    0.0254706    0.0000027  EM
             73 -0.92812094D+04    0.0197752    0.0000021  EM
             74 -0.92811929D+04    0.0165772    0.0000018  EM
             75 -0.92811787D+04    0.0141942    0.0000015  EM
             76 -0.92811664D+04    0.0122643    0.0000013  EM
             77 -0.92811557D+04    0.0106624    0.0000011  EM
             78 -0.92811464D+04    0.0093070    0.0000010  EM
             79 -0.92811383D+04    0.0081486    0.0000009  EM
             80 -0.92811311D+04    0.0071518    0.0000008  EM
             81 -0.92811248D+04    0.0062893    0.0000007  EM
             82 -0.92811193D+04    0.0055396    0.0000006  EM
             83 -0.92811144D+04    0.0048855    0.0000005  EM
             84 -0.92811101D+04    0.0043131    0.0000005  EM
             85 -0.92811063D+04    0.0038110    0.0000004  EM
             86 -0.92811029D+04    0.0033696    0.0000004  EM
             87 -0.92810999D+04    0.0029810    0.0000003  EM
             88 -0.92810973D+04    0.0026384    0.0000003  EM
             89 -0.92810950D+04    0.0023361    0.0000003  EM
             90 -0.92810829D+04    0.0120636    0.0000013  FS
             91 -0.92810802D+04    0.0026601    0.0000003  FS
             92 -0.92810791D+04    0.0011065    0.0000001  FS
             93 -0.92810788D+04    0.0003247    0.0000000  FS


PLOT INFORMATION

The following plots are available:

  Histograms (sample values)
  Scatterplots (sample values)

SAVEDATA INFORMATION


  Save file
    /Users/atanas/git/PR_quant_LPA/mplus/1_optseed_m/c6_1_optseed_m_v1.dat

  Order of variables

    PB
    TB
    BHS
    AC
    CPROB1
    CPROB2
    CPROB3
    CPROB4
    CPROB5
    CPROB6
    C
    ID

  Save file format           Free

  Save file record length    10000

  Save missing symbol        *


     Beginning Time:  13:01:34
        Ending Time:  13:01:36
       Elapsed Time:  00:00:02



MUTHEN & MUTHEN
3463 Stoner Ave.
Los Angeles, CA  90066

Tel: (310) 391-9971
Fax: (310) 391-8971
Web: www.StatModel.com
Support: Support@StatModel.com

Copyright (c) 1998-2021 Muthen & Muthen
