Mplus VERSION 8.6 (Mac)
MUTHEN & MUTHEN
02/02/2022   3:35 PM

INPUT INSTRUCTIONS

  TITLE:
  Class 7 1_optseed_m_v2
  DATA:
  FILE = "/Users/atanas/git/PR_quant_LPA/mplus/1_optseed_m/full_1_optseed_m.dat";

  VARIABLE:
  NAMES = ID pb tb bhs ac;
   MISSING=.;
   USEVARIABLES = pb tb bhs ac;
  IDVARIABLE = ID;
  CLASSES = c(7);
  ANALYSIS:
  ESTIMATOR = MLR;
             ALGORITHM = INTEGRATION;
             TYPE = MIXTURE;
             STARTS = 80 16;
             ! OPTSEED = 391179;
             ! Dual-Core with hyperthreading = 4 processors
             PROCESSORS = 4;
             ! K-1STARTS = 20 4; ! used with TECH11 output
             ! LRTSTARTS = 20 4 40 8; ! used with TECH14 output
  OUTPUT:
  TECH1 TECH8;
             ! TECH11 TECH14;
            STANDARDIZED; ! this saves standardised scores for plotting
  SAVEDATA:
  FILE = /Users/atanas/git/PR_quant_LPA/mplus/1_optseed_m/c7_1_optseed_m_v2.dat;
  SAVE = CPROB;
              FORMAT = FREE;
  PLOT:
  TYPE = PLOT3;



*** WARNING in MODEL command
  All variables are uncorrelated with all other variables within class.
  Check that this is what is intended.
*** WARNING
  Data set contains cases with missing on all variables.
  These cases were not included in the analysis.
  Number of cases with missing on all variables:  5
   2 WARNING(S) FOUND IN THE INPUT INSTRUCTIONS




Class 7 1_optseed_m_v2

